map:antiquity
maxx:800
maxy:50
platform:1:800:0:terra
wall:0:0:15:wallnone
wall:800:0:50:wallnone
zone:1:900:0:50:Antigüedad.
zone:116:900:0:50:Ves algunas civilizaciones, ¿en cuál de ellas te aventurarás?
zone:101:115:0:50:Torre de Babel, estás perdido y desconcertado por la grandeza de este edificio que se pierde en los cielos, y de paso las personas que lo rodean hablan en muchos idiomas diferentes. ¡No te vuelvas loco!
zone:300:310:0:50:Pasaje a Babilonia
zone:400:410:0:50:Entrada al Egipto, solo ves arena, ¿vale la pena perder el tiempo con un desierto sin fin?
zone:500:510:0:50:Pasaje a Grecia
zone:600:610:0:50:Entrada de roma.
zone:1:100:0:50:En la lejanía de este lugar, puedes observar una imponente torre que simboliza al igual que su tamaño, la gran arrogancia de la gente de este mundo por construir tal fortificación. ¿Serás capaz de derrumbarla para poder continuar con tu travesía?
disable:camera
disable:coordenadas
disable:bicicleta
disable:varinha
ceiling:none
travelpoint:300:310:0:0:1:50:babylon:Entras en Babilonia, un mundo de desafíos antiguos espera por ti.
sound_source:1:800:0:20:a9.ogg
travelpoint:400:410:0:0:1:0:egypt:Entras en Egipto.
travelpoint:600:610:0:0:1:0:rome:entras en la sivilización romana.
travelpoint:500:510:0:0:1:0:greece:Entras en Grecia.
sound_source:101:115:0:50:pessoas3.ogg
pwall:116:0:50:wallbarricada
pwall:116:0:50:wallbarricada
pwall:116:0:50:wallbarricada
pwall:116:0:50:wallbarricada
pwall:116:0:50:wallbarricada
pwall:116:0:50:wallbarricada
pwall:116:0:50:wallbarricada
pwall:116:0:50:wallbarricada
pwall:116:0:50:wallbarricada
pwall:116:0:50:wallbarricada
pwall:116:0:50:wallbarricada
pwall:116:0:50:wallbarricada
pwall:116:0:50:wallbarricada
pwall:116:0:50:wallbarricada
pwall:116:0:50:wallbarricada
pwall:116:0:50:wallbarricada
pwall:116:0:50:wallbarricada
pwall:116:0:50:wallbarricada
pwall:116:0:50:wallbarricada
pwall:116:0:50:wallbarricada
pwall:116:0:50:wallbarricada
pwall:116:0:50:wallbarricada
pwall:116:0:50:wallbarricada
pwall:116:0:50:wallbarricada
pwall:116:0:50:wallbarricada
pwall:116:0:50:wallbarricada
pwall:116:0:50:wallbarricada
pwall:116:0:50:wallbarricada
pwall:116:0:50:wallbarricada
pwall:116:0:50:wallbarricada
pwall:116:0:50:wallbarricada
pwall:116:0:50:wallbarricada
pwall:116:0:50:wallbarricada
pwall:116:0:50:wallbarricada
pwall:116:0:50:wallbarricada
pwall:116:0:50:wallbarricada
pwall:116:0:50:wallbarricada
pwall:116:0:50:wallbarricada
pwall:116:0:50:wallbarricada
pwall:116:0:50:wallbarricada
pwall:116:0:50:wallbarricada
pwall:116:0:50:wallbarricada
pwall:116:0:50:wallbarricada
pwall:116:0:50:wallbarricada
pwall:116:0:50:wallbarricada
pwall:116:0:50:wallbarricada
pwall:116:0:50:wallbarricada
pwall:116:0:50:wallbarricada
pwall:116:0:50:wallbarricada
pwall:116:0:50:wallbarricada
pwall:116:0:50:wallbarricada
pwall:116:0:50:wallbarricada
pwall:116:0:50:wallbarricada
pwall:116:0:50:wallbarricada
pwall:116:0:50:wallbarricada
pwall:116:0:50:wallbarricada
pwall:116:0:50:wallbarricada
pwall:116:0:50:wallbarricada
pwall:116:0:50:wallbarricada
pwall:116:0:50:wallbarricada
pwall:116:0:50:wallbarricada
pwall:116:0:50:wallbarricada
pwall:116:0:50:wallbarricada
pwall:116:0:50:wallbarricada
pwall:116:0:50:wallbarricada
pwall:116:0:50:wallbarricada
pwall:116:0:50:wallbarricada
pwall:116:0:50:wallbarricada
pwall:116:0:50:wallbarricada
pwall:116:0:50:wallbarricada
pwall:116:0:50:wallbarricada
pwall:116:0:50:wallbarricada
pwall:116:0:50:wallbarricada
pwall:116:0:50:wallbarricada
pwall:116:0:50:wallbarricada
pwall:116:0:50:wallbarricada
pwall:116:0:50:wallbarricada
pwall:116:0:50:wallbarricada
pwall:116:0:50:wallbarricada
pwall:116:0:50:wallbarricada
pwall:116:0:50:wallbarricada
pwall:116:0:50:wallbarricada
pwall:116:0:50:wallbarricada
pwall:116:0:50:wallbarricada
pwall:116:0:50:wallbarricada
pwall:116:0:50:wallbarricada
pwall:116:0:50:wallbarricada
pwall:116:0:50:wallbarricada
pwall:116:0:50:wallbarricada
pwall:116:0:50:wallbarricada
pwall:116:0:50:wallbarricada
pwall:116:0:50:wallbarricada
pwall:116:0:50:wallbarricada
pwall:116:0:50:wallbarricada
pwall:116:0:50:wallbarricada
pwall:116:0:50:wallbarricada
pwall:116:0:50:wallbarricada
pwall:116:0:50:wallbarricada
pwall:116:0:50:wallbarricada
pwall:116:0:50:wallbarricada
pwall:116:0:50:wallbarricada
pwall:116:0:50:wallbarricada
pwall:116:0:50:wallbarricada
pwall:116:0:50:wallbarricada
pwall:116:0:50:wallbarricada
pwall:116:0:50:wallbarricada
pwall:116:0:50:wallbarricada
pwall:116:0:50:wallbarricada
pwall:116:0:50:wallbarricada
pwall:116:0:50:wallbarricada
pwall:116:0:50:wallbarricada
pwall:116:0:50:wallbarricada
pwall:116:0:50:wallbarricada
pwall:116:0:50:wallbarricada
pwall:116:0:50:wallbarricada
pwall:116:0:50:wallbarricada
pwall:116:0:50:wallbarricada
pwall:116:0:50:wallbarricada
pwall:116:0:50:wallbarricada
pwall:116:0:50:wallbarricada
pwall:116:0:50:wallbarricada
pwall:116:0:50:wallbarricada
pwall:116:0:50:wallbarricada
pwall:116:0:50:wallbarricada
pwall:116:0:50:wallbarricada
pwall:116:0:50:wallbarricada
pwall:116:0:50:wallbarricada
pwall:116:0:50:wallbarricada
pwall:116:0:50:wallbarricada
pwall:116:0:50:wallbarricada
pwall:116:0:50:wallbarricada
pwall:116:0:50:wallbarricada
pwall:116:0:50:wallbarricada
pwall:116:0:50:wallbarricada
pwall:116:0:50:wallbarricada
pwall:116:0:50:wallbarricada
pwall:116:0:50:wallbarricada
pwall:116:0:50:wallbarricada
pwall:116:0:50:wallbarricada
pwall:116:0:50:wallbarricada
pwall:116:0:50:wallbarricada
pwall:116:0:50:wallbarricada
pwall:116:0:50:wallbarricada
pwall:116:0:50:wallbarricada
pwall:116:0:50:wallbarricada
pwall:116:0:50:wallbarricada
pwall:116:0:50:wallbarricada
pwall:116:0:50:wallbarricada
pwall:116:0:50:wallbarricada
pwall:116:0:50:wallbarricada
pwall:116:0:50:wallbarricada
pwall:116:0:50:wallbarricada
pwall:116:0:50:wallbarricada
pwall:116:0:50:wallbarricada
pwall:116:0:50:wallbarricada
pwall:116:0:50:wallbarricada
pwall:116:0:50:wallbarricada
pwall:116:0:50:wallbarricada
pwall:116:0:50:wallbarricada
pwall:116:0:50:wallbarricada
pwall:116:0:50:wallbarricada
pwall:116:0:50:wallbarricada
pwall:116:0:50:wallbarricada
pwall:116:0:50:wallbarricada
pwall:116:0:50:wallbarricada
pwall:116:0:50:wallbarricada
pwall:116:0:50:wallbarricada
pwall:116:0:50:wallbarricada
pwall:116:0:50:wallbarricada
pwall:116:0:50:wallbarricada
pwall:116:0:50:wallbarricada
pwall:116:0:50:wallbarricada
pwall:116:0:50:wallbarricada
pwall:116:0:50:wallbarricada
pwall:116:0:50:wallbarricada
pwall:116:0:50:wallbarricada
pwall:116:0:50:wallbarricada
pwall:116:0:50:wallbarricada
pwall:116:0:50:wallbarricada
pwall:116:0:50:wallbarricada
pwall:116:0:50:wallbarricada
pwall:116:0:50:wallbarricada
pwall:116:0:50:wallbarricada
pwall:116:0:50:wallbarricada
pwall:116:0:50:wallbarricada
