map:cave
maxx:101
maxy:140
platform:1:100:140:wallnone
platform:1:100:-1:wallnone
platform:0:100:0:caverna
wall:0:0:140:wallnone
wall:101:0:140:wallnone
disable:bicicleta
disable:camera
disable:coordenadas
disable:varinha
ceiling:none
zone:0:100:31:140:.
zone:0:100:0:30:Uma grande caverna.
sound_source:0:100:0:30:caverna2.ogg
sound_source:0:100:30:140:winter.ogg
zone:100:100:0:15:Entrada da mina de ouro.
travelpoint:100:100:0:0:1:0:gold_mine:Você entra na mina de ouro!
travelpoint:1:1:0:0:399:0:continuação_da_montanha:Você sai da caverna.
pwall:80:0:50:wallbarricada
pwall:80:0:50:wallbarricada
pwall:80:0:50:wallbarricada
pwall:80:0:50:wallnone
pwall:80:0:50:wallbarricada
pwall:80:0:50:wallnone
pwall:80:0:50:wallbarricada
pwall:80:0:50:wallnone
pwall:80:0:50:wallbarricada
pwall:80:0:50:wallnone
pwall:80:0:50:wallbarricada
pwall:80:0:50:wallnone
pwall:80:0:50:wallbarricada
pwall:80:0:50:wallnone
pwall:80:0:50:wallbarricada
pwall:80:0:50:wallnone
pwall:80:0:50:wallbarricada
pwall:80:0:50:wallnone
pwall:80:0:50:wallbarricada
pwall:80:0:50:wallnone
pwall:80:0:50:wallbarricada
pwall:80:0:50:wallnone
pwall:80:0:50:wallbarricada
pwall:80:0:50:wallnone
pwall:80:0:50:wallbarricada
pwall:80:0:50:wallnone
pwall:80:0:50:wallbarricada
pwall:80:0:50:wallnone
pwall:80:0:50:wallbarricada
pwall:80:0:50:wallnone
pwall:80:0:50:wallbarricada
pwall:80:0:50:wallnone
pwall:80:0:50:wallbarricada
pwall:80:0:50:wallnone
pwall:80:0:50:wallbarricada
pwall:80:0:50:wallnone
pwall:80:0:50:wallbarricada
pwall:80:0:50:wallnone
pwall:80:0:50:wallbarricada
pwall:80:0:50:wallnone
pwall:80:0:50:wallbarricada
pwall:80:0:50:wallnone
pwall:80:0:50:wallbarricada
pwall:80:0:50:wallnone
pwall:80:0:50:wallbarricada
pwall:80:0:50:wallnone
pwall:80:0:50:wallbarricada
pwall:80:0:50:wallnone
pwall:80:0:50:wallbarricada
pwall:80:0:50:wallnone
pwall:80:0:50:wallnone
pwall:80:0:50:wallbarricada
pwall:80:0:50:wallnone
pwall:80:0:50:wallbarricada
pwall:80:0:50:wallnone
pwall:80:0:50:wallnone
pwall:80:0:50:wallbarricada
pwall:80:0:50:wallnone
pwall:80:0:50:wallbarricada
pwall:80:0:50:wallnone
pwall:80:0:50:wallbarricada
pwall:80:0:50:wallnone
pwall:80:0:50:wallbarricada
pwall:80:0:50:wallnone
pwall:80:0:50:wallbarricada
pwall:80:0:50:wallnone
pwall:80:0:50:wallbarricada
pwall:80:0:50:wallnone
pwall:80:0:50:wallbarricada
pwall:80:0:50:wallnone
pwall:80:0:50:wallbarricada
pwall:80:0:50:wallnone
pwall:80:0:50:wallbarricada
pwall:80:0:50:wallnone
pwall:80:0:50:wallbarricada
pwall:80:0:50:wallnone
pwall:80:0:50:wallbarricada
pwall:80:0:50:wallnone
pwall:80:0:50:wallbarricada
pwall:80:0:50:wallnone
pwall:80:0:50:wallbarricada
pwall:80:0:50:wallnone
pwall:80:0:50:wallbarricada
pwall:80:0:50:wallnone
pwall:80:0:50:wallnone
pwall:80:0:50:wallbarricada
pwall:80:0:50:wallnone
pwall:80:0:50:wallnone
pwall:80:0:50:wallbarricada
pwall:80:0:50:wallnone
pwall:80:0:50:wallnone
pwall:80:0:50:wallnone
pwall:80:0:50:wallnone
pwall:80:0:50:wallnone
pwall:80:0:50:wallbarricada
pwall:80:0:50:wallnone
pwall:80:0:50:wallnone
pwall:80:0:50:wallnone
pwall:80:0:50:wallnone
pwall:80:0:50:wallnone
pwall:80:0:50:wallnone
pwall:80:0:50:wallnone
pwall:80:0:50:wallnone
pwall:80:0:50:wallnone
pwall:80:0:50:wallnone
pwall:80:0:50:wallnone
pwall:80:0:50:wallnone
pwall:80:0:50:wallnone
pwall:80:0:50:wallnone
pwall:80:0:50:wallnone
pwall:80:0:50:wallnone
pwall:80:0:50:wallnone
pwall:80:0:50:wallnone
pwall:80:0:50:wallnone
pwall:80:0:50:wallnone
pwall:80:0:50:wallnone
pwall:80:0:50:wallnone
pwall:80:0:50:wallnone
pwall:80:0:50:wallnone
pwall:80:0:50:wallnone
pwall:80:0:50:wallnone
pwall:80:0:50:wallnone
pwall:80:0:50:wallnone
pwall:80:0:50:wallnone
pwall:80:0:50:wallnone
pwall:80:0:50:wallnone
pwall:80:0:50:wallnone
pwall:80:0:50:wallnone
pwall:80:0:50:wallnone
pwall:80:0:50:wallnone
pwall:80:0:50:wallnone
pwall:80:0:50:wallnone
pwall:80:0:50:wallnone
pwall:80:0:50:wallnone
pwall:80:0:50:wallnone
pwall:80:0:50:wallnone
pwall:80:0:50:wallnone
pwall:80:0:50:wallnone
pwall:80:0:50:wallnone
pwall:80:0:50:wallnone
pwall:80:0:50:wallnone
pwall:80:0:50:wallnone
pwall:80:0:50:wallnone
pwall:80:0:50:wallnone
pwall:80:0:50:wallnone
pwall:80:0:50:wallnone
pwall:80:0:50:wallnone
pwall:80:0:50:wallnone
pwall:80:0:50:wallnone
pwall:80:0:50:wallnone
pwall:80:0:50:wallnone
pwall:80:0:50:wallnone
pwall:80:0:50:wallnone
pwall:80:0:50:wallnone
pwall:80:0:50:wallnone
pwall:80:0:50:wallnone
pwall:80:0:50:wallnone
pwall:80:0:50:wallnone
pwall:80:0:50:wallnone
pwall:80:0:50:wallnone
pwall:80:0:50:wallnone
pwall:80:0:50:wallnone
pwall:80:0:50:wallnone
pwall:80:0:50:wallnone
pwall:80:0:50:wallnone
pwall:80:0:50:wallnone
pwall:80:0:50:wallnone
pwall:80:0:50:wallnone
pwall:80:0:50:wallnone
pwall:80:0:50:wallnone
pwall:80:0:50:wallnone
pwall:80:0:50:wallnone
pwall:80:0:50:wallnone
pwall:80:0:50:wallnone
pwall:80:0:50:wallnone
pwall:80:0:50:wallnone
pwall:80:0:50:wallnone
pwall:80:0:50:wallnone
pwall:80:0:50:wallnone
pwall:80:0:50:wallnone
pwall:80:0:50:wallnone
pwall:80:0:50:wallnone
pwall:80:0:50:wallnone
pwall:80:0:50:wallnone
pwall:80:0:50:wallnone
