map:cloud
maxx:91
maxy:20
platform:1:90:20:wallnone
platform:1:90:-1:wallnone
platform:0:90:0:areiaa
wall:0:0:20:wallnone
wall:91:0:20:wallnone
disable:bicicleta
disable:camera
disable:coordenadas
zone:0:90:0:20:Uau! que lugar mais branco! e frio! mais frio que um refrigerador! tudo a sua volta parece imaterial, incorpório. Poderia ser um sonho! mas não é. Você está de fato em uma nuvem, sem sentir nada sob seus pés. Ainda que estejam em uma superfície que te sustenta. Abaixo consegue ver montes de água caindo. O mundo lá em baixo está tão distante. Que magia misteriosa te permite ficar de pé nesta nuvem? e o mais importante, por quê?
sound_source:0:90:0:0:water6.ogg
sound_source:0:90:0:20:wind2.ogg
sound_source:1:1:-4:-4:trovão1.ogg
sound_source:5:5:-4:-4:trovão2.ogg
sound_source:10:10:-4:-4:trovão3.ogg
sound_source:15:15:-4:-4:trovão4.ogg
sound_source:20:20:-4:-4:trovão5.ogg
sound_source:25:25:-4:-4:trovão6.ogg
sound_source:30:30:-4:-4:trovão7.ogg
sound_source:35:35:-4:-4:trovão8.ogg
sound_source:40:40:-4:-4:trovão9.ogg
sound_source:45:45:-4:-4:trovão10.ogg
sound_source:50:50:-4:-4:trovão11.ogg
sound_source:55:55:-4:-4:trovão12.ogg
sound_source:60:60:-4:-4:trovão13.ogg
sound_source:65:65:-4:-4:trovão14.ogg
sound_source:70:70:-4:-4:trovão15.ogg
sound_source:75:75:-4:-4:trovão16.ogg
sound_source:80:80:-4:-4:trovão17.ogg
sound_source:85:85:-4:-4:trovão18.ogg
sound_source:90:90:-4:-4:trovão19.ogg
