map:help
maxx:101
maxy:10
platform:0:101:0:carpet
wall:0:0:10:wallnone
wall:101:0:10:wallnone
safezone:1:101:0:10
ceiling:none
disable:coordenadas
disable:camera
disable:varinha
disable:bike
disable:miracima
disable:mirabaixo
zone:1:10:0:10:Sala principal de la oficina de ayuda.
wall:11:0:10:walldoor2
zone:10:10:0:10:Preciona enter para entrar a la oficina de ayuda.
door:10:0:12:0:15:none:none:door2open.ogg:door2close.ogg
travelpoint:16:100:1:1:1:40:safe_zone_es:Dejas la oficina de ayuda.
zone:16:100:1:1:Salir.
zone:11:12:0:10:Oficina de ayuda. Pulsa enter para comenzar a escuchar la ayuda del juego.
wall:12:1:1:wallnone
wall:13:0:10:wallnone
door:12:0:14:0:15:none:none:none:none
zone:13:14:0:10:Recomendación. puedes precionar la flecha arriba y luego enter para salir de la oficina de ayuda. Pulsa enter para continuar.
wall:14:1:1:wallnone
wall:15:0:10:wallnone
door:14:0:16:0:15:none:none:none:none
staircase:16:16:0:1:none
zone:15:16:0:0:1. Teclado.
door:16:0:18:0:15:none:none:none:none
wall:16:2:2:wallnone
wall:17:0:10:wallnone
zone:17:18:0:0:F1. Verifica el tiempo en línea del servidor.
door:18:0:20:0:15:none:none:none:none
staircase:18:18:0:1:none
wall:18:2:2:wallnone
wall:19:0:10:wallnone
zone:19:20:0:0:Shift+f1. Te pones ausente, el mismo comando sirve para regresar al juego.
staircase:20:20:0:1:none
wall:20:2:2:wallnone
wall:21:0:10:wallnone
door:20:0:22:0:15:none:none:none:none
zone:21:22:0:0:F2. Verifica el mensaje del día del servidor.
staircase:22:22:0:1:none
wall:22:2:2:wallnone
wall:23:0:10:wallnone
door:22:0:24:0:15:none:none:none:none
zone:23:24:0:0:Shift+F2. Activa o desactiva el modo pacifista.
staircase:24:24:0:1:none
wall:24:2:2:wallnone
wall:25:0:10:wallnone
door:24:0:26:0:15:none:none:none:none
zone:25:26:0:0:F3. Comprueba el pin del servidor.
staircase:26:26:0:1:none
wall:26:2:2:wallnone
wall:27:0:10:wallnone
door:26:0:28:0:15:none:none:none:none
zone:27:28:0:0:Shift+F3. Activa o desactiva la escucha de mensajes en otras ventanas.
staircase:28:28:0:1:none
wall:28:2:2:wallnone
wall:29:0:10:wallnone
door:28:0:30:0:15:none:none:none:none
zone:29:30:0:0:F4. Abre un menú de jugadores que estén en el mismo mapa que tú para rastrearlos.
staircase:30:30:0:1:none
wall:30:2:2:wallnone
wall:31:0:10:wallnone
door:30:0:32:0:15:none:none:none:none
zone:31:32:0:0:Shift+F4. Reduce el volumen del juego.
staircase:32:32:0:1:none
wall:32:2:2:wallnone
wall:33:0:10:wallnone
door:32:0:34:0:15:none:none:none:none
zone:33:34:0:0:F5. abre la lista de los jugadores actualmente en línea.
staircase:34:34:0:1:none
wall:34:2:2:wallnone
wall:35:0:10:wallnone
door:34:0:36:0:15:none:none:none:none
zone:35:36:0:0:Shift+F5. aumenta el volumen del juego.
staircase:36:36:0:1:none
wall:36:2:2:wallnone
wall:37:0:10:wallnone
door:36:0:38:0:15:none:none:none:none
zone:37:38:0:0:F6. Abre el menú con los canales de chat disponibles.
staircase:38:38:0:1:none
wall:38:2:2:wallnone
wall:39:0:10:wallnone
door:38:0:40:0:15:none:none:none:none
zone:39:40:0:0:Shift+F6. Desactiva el sonido del juego.
staircase:40:40:0:1:none
wall:40:2:2:wallnone
wall:41:0:10:wallnone
door:40:0:42:0:15:none:none:none:none
zone:41:42:0:0:F8. Activa o desactiva la escucha de pitidos.
staircase:42:42:0:1:none
wall:42:2:2:wallnone
wall:43:0:10:wallnone
door:42:0:44:0:15:none:none:none:none
zone:43:44:0:0:F10. Abre el menú de ajustes dentro del juego.
staircase:44:44:0:1:none
wall:44:2:2:wallnone
wall:45:0:10:wallnone
